// Jest Snapshot v1, https://goo.gl/fbAQLP

exports[`<Header /> renders correctly 1`] = `
<View
  onLayout={[Function]}
  pointerEvents="box-none"
  style={
    Object {
      "backgroundColor": "white",
      "elevation": 7,
      "justifyContent": "center",
      "paddingBottom": 0,
      "paddingLeft": 0,
      "paddingRight": 0,
      "paddingTop": 20,
      "shadowColor": "black",
      "shadowOffset": Object {
        "height": 4,
        "width": 0,
      },
      "shadowOpacity": 0.25,
      "shadowRadius": 5,
      "zIndex": 999,
    }
  }
>
  <View
    style={
      Object {
        "alignItems": "center",
        "flexDirection": "row",
        "height": 44,
        "justifyContent": "space-between",
        "marginHorizontal": 10,
      }
    }
  >
    <Text
      numberOfLines={1}
      style={
        Object {
          "color": "#2a2a30",
          "fontSize": 24,
        }
      }
    >
      Schwifty
    </Text>
  </View>
</View>
`;
